 Container scli-prod-reservas-solicitudes-service-1  Recreate
 Container scli-prod-reservas-solicitudes-service-1  Recreated
 Container scli-prod-reservas-solicitudes-service-1  Starting
 Container scli-prod-reservas-solicitudes-service-1  Started
 Container scli-prod-reservas-solicitudes-service-1  Recreate
 Container scli-prod-reservas-solicitudes-service-1  Recreated
 Container scli-prod-reservas-solicitudes-service-1  Starting
 Container scli-prod-reservas-solicitudes-service-1  Started
 Container scli-prod-reservas-solicitudes-service-1  Recreate
 Container scli-prod-reservas-solicitudes-service-1  Recreated
 Container scli-prod-reservas-solicitudes-service-1  Starting
 Container scli-prod-reservas-solicitudes-service-1  Started
 Container scli-prod-reservas-solicitudes-service-1  Recreate
 Container scli-prod-reservas-solicitudes-service-1  Recreated
 Container scli-prod-reservas-solicitudes-service-1  Starting
 Container scli-prod-reservas-solicitudes-service-1  Started
 Container scli-prod-reservas-solicitudes-service-1  Recreate
 Container scli-prod-reservas-solicitudes-service-1  Recreated
 Container scli-prod-reservas-solicitudes-service-1  Starting
 Container scli-prod-reservas-solicitudes-service-1  Started
 Container scli-prod-reservas-solicitudes-service-1  Recreate
 Container scli-prod-reservas-solicitudes-service-1  Recreated
 Container scli-prod-reservas-solicitudes-service-1  Starting
 Container scli-prod-reservas-solicitudes-service-1  Started
 Container scli-prod-reservas-solicitudes-service-1  Recreate
 Container scli-prod-reservas-solicitudes-service-1  Recreated
 Container scli-prod-reservas-solicitudes-service-1  Starting
 Container scli-prod-reservas-solicitudes-service-1  Started
 Container scli-prod-reservas-solicitudes-service-1  Recreate
 Container scli-prod-reservas-solicitudes-service-1  Recreated
 Container scli-prod-reservas-solicitudes-service-1  Starting
 Container scli-prod-reservas-solicitudes-service-1  Started
 Container scli-prod-reservas-solicitudes-service-1  Recreate
 Container scli-prod-reservas-solicitudes-service-1  Recreated
 Container scli-prod-reservas-solicitudes-service-1  Starting
 Container scli-prod-reservas-solicitudes-service-1  Started
 Container scli-prod-reservas-solicitudes-service-1  Recreate
 Container scli-prod-reservas-solicitudes-service-1  Recreated
 Container scli-prod-reservas-solicitudes-service-1  Starting
 Container scli-prod-reservas-solicitudes-service-1  Started
 Container scli-prod-reservas-solicitudes-service-1  Recreate
 Container scli-prod-reservas-solicitudes-service-1  Recreated
 Container scli-prod-reservas-solicitudes-service-1  Starting
 Container scli-prod-reservas-solicitudes-service-1  Started
 Container scli-prod-reservas-solicitudes-service-1  Recreate
 Container scli-prod-reservas-solicitudes-service-1  Recreated
 Container scli-prod-reservas-solicitudes-service-1  Starting
 Container scli-prod-reservas-solicitudes-service-1  Started
 Container scli-prod-reservas-solicitudes-service-1  Recreate
 Container scli-prod-reservas-solicitudes-service-1  Recreated
 Container scli-prod-reservas-solicitudes-service-1  Starting
 Container scli-prod-reservas-solicitudes-service-1  Started
 Container scli-prod-reservas-solicitudes-service-1  Recreate
 Container scli-prod-reservas-solicitudes-service-1  Recreated
 Container scli-prod-reservas-solicitudes-service-1  Starting
 Container scli-prod-reservas-solicitudes-service-1  Started
 Container scli-prod-reservas-solicitudes-service-1  Recreate
 Container scli-prod-reservas-solicitudes-service-1  Recreated
 Container scli-prod-reservas-solicitudes-service-1  Starting
 Container scli-prod-reservas-solicitudes-service-1  Started
 Container scli-prod-reservas-solicitudes-service-1  Recreate
 Container scli-prod-reservas-solicitudes-service-1  Recreated
 Container scli-prod-reservas-solicitudes-service-1  Starting
 Container scli-prod-reservas-solicitudes-service-1  Started
 Container scli-prod-reservas-solicitudes-service-1  Recreate
 Container scli-prod-reservas-solicitudes-service-1  Recreated
 Container scli-prod-reservas-solicitudes-service-1  Starting
 Container scli-prod-reservas-solicitudes-service-1  Started
 Container scli-prod-reservas-solicitudes-service-1  Recreate
 Container scli-prod-reservas-solicitudes-service-1  Recreated
 Container scli-prod-reservas-solicitudes-service-1  Starting
 Container scli-prod-reservas-solicitudes-service-1  Started
 Container scli-prod-reservas-solicitudes-service-1  Recreate
 Container scli-prod-reservas-solicitudes-service-1  Recreated
 Container scli-prod-reservas-solicitudes-service-1  Starting
 Container scli-prod-reservas-solicitudes-service-1  Started
 Container scli-prod-reservas-solicitudes-service-1  Recreate
 Container scli-prod-reservas-solicitudes-service-1  Recreated
 Container scli-prod-reservas-solicitudes-service-1  Starting
 Container scli-prod-reservas-solicitudes-service-1  Started
 Container scli-prod-reservas-solicitudes-service-1  Recreate
 Container scli-prod-reservas-solicitudes-service-1  Recreated
 Container scli-prod-reservas-solicitudes-service-1  Starting
 Container scli-prod-reservas-solicitudes-service-1  Started
 Container scli-prod-reservas-solicitudes-service-1  Recreate
 Container scli-prod-reservas-solicitudes-service-1  Recreated
 Container scli-prod-reservas-solicitudes-service-1  Starting
 Container scli-prod-reservas-solicitudes-service-1  Started
 Container scli-prod-reservas-solicitudes-service-1  Recreate
 Container scli-prod-reservas-solicitudes-service-1  Recreated
 Container scli-prod-reservas-solicitudes-service-1  Starting
 Container scli-prod-reservas-solicitudes-service-1  Started
 Container scli-prod-reservas-solicitudes-service-1  Recreate
 Container scli-prod-reservas-solicitudes-service-1  Recreated
 Container scli-prod-reservas-solicitudes-service-1  Starting
 Container scli-prod-reservas-solicitudes-service-1  Started
 Container scli-prod-reservas-solicitudes-service-1  Recreate
 Container scli-prod-reservas-solicitudes-service-1  Recreated
 Container scli-prod-reservas-solicitudes-service-1  Starting
 Container scli-prod-reservas-solicitudes-service-1  Started
 Container scli-prod-reservas-solicitudes-service-1  Recreate
 Container scli-prod-reservas-solicitudes-service-1  Recreated
 Container scli-prod-reservas-solicitudes-service-1  Starting
 Container scli-prod-reservas-solicitudes-service-1  Started
 Container scli-prod-reservas-solicitudes-service-1  Recreate
 Container scli-prod-reservas-solicitudes-service-1  Recreated
 Container scli-prod-reservas-solicitudes-service-1  Starting
 Container scli-prod-reservas-solicitudes-service-1  Started
 Container scli-prod-reservas-solicitudes-service-1  Recreate
 Container scli-prod-reservas-solicitudes-service-1  Recreated
 Container scli-prod-reservas-solicitudes-service-1  Starting
 Container scli-prod-reservas-solicitudes-service-1  Started
 Container scli-prod-reservas-solicitudes-service-1  Recreate
 Container scli-prod-reservas-solicitudes-service-1  Recreated
 Container scli-prod-reservas-solicitudes-service-1  Starting
 Container scli-prod-reservas-solicitudes-service-1  Started
 Container scli-prod-reservas-solicitudes-service-1  Recreate
 Container scli-prod-reservas-solicitudes-service-1  Recreated
 Container scli-prod-reservas-solicitudes-service-1  Starting
 Container scli-prod-reservas-solicitudes-service-1  Started
 Container scli-prod-reservas-solicitudes-service-1  Recreate
 Container scli-prod-reservas-solicitudes-service-1  Recreated
 Container scli-prod-reservas-solicitudes-service-1  Starting
 Container scli-prod-reservas-solicitudes-service-1  Started
 Container scli-prod-reservas-solicitudes-service-1  Recreate
 Container scli-prod-reservas-solicitudes-service-1  Recreated
 Container scli-prod-reservas-solicitudes-service-1  Starting
 Container scli-prod-reservas-solicitudes-service-1  Started
 Container scli-prod-reservas-solicitudes-service-1  Recreate
 Container scli-prod-reservas-solicitudes-service-1  Recreated
 Container scli-prod-reservas-solicitudes-service-1  Starting
 Container scli-prod-reservas-solicitudes-service-1  Started
 Container scli-prod-reservas-solicitudes-service-1  Recreate
 Container scli-prod-reservas-solicitudes-service-1  Recreated
 Container scli-prod-reservas-solicitudes-service-1  Starting
 Container scli-prod-reservas-solicitudes-service-1  Started
 Container scli-prod-reservas-solicitudes-service-1  Recreate
 Container scli-prod-reservas-solicitudes-service-1  Recreated
 Container scli-prod-reservas-solicitudes-service-1  Starting
 Container scli-prod-reservas-solicitudes-service-1  Started
 Container scli-prod-reservas-solicitudes-service-1  Recreate
 Container scli-prod-reservas-solicitudes-service-1  Recreated
 Container scli-prod-reservas-solicitudes-service-1  Starting
 Container scli-prod-reservas-solicitudes-service-1  Started
 Container scli-prod-reservas-solicitudes-service-1  Recreate
 Container scli-prod-reservas-solicitudes-service-1  Recreated
 Container scli-prod-reservas-solicitudes-service-1  Starting
 Container scli-prod-reservas-solicitudes-service-1  Started
 Container scli-prod-reservas-solicitudes-service-1  Recreate
 Container scli-prod-reservas-solicitudes-service-1  Recreated
 Container scli-prod-reservas-solicitudes-service-1  Starting
 Container scli-prod-reservas-solicitudes-service-1  Started
 Container scli-prod-reservas-solicitudes-service-1  Recreate
 Container scli-prod-reservas-solicitudes-service-1  Recreated
 Container scli-prod-reservas-solicitudes-service-1  Starting
 Container scli-prod-reservas-solicitudes-service-1  Started
 Container scli-prod-reservas-solicitudes-service-1  Recreate
 Container scli-prod-reservas-solicitudes-service-1  Recreated
 Container scli-prod-reservas-solicitudes-service-1  Starting
 Container scli-prod-reservas-solicitudes-service-1  Started
 Container scli-prod-reservas-solicitudes-service-1  Recreate
 Container scli-prod-reservas-solicitudes-service-1  Recreated
 Container scli-prod-reservas-solicitudes-service-1  Starting
 Container scli-prod-reservas-solicitudes-service-1  Started
 Container scli-prod-reservas-solicitudes-service-1  Recreate
 Container scli-prod-reservas-solicitudes-service-1  Recreated
 Container scli-prod-reservas-solicitudes-service-1  Starting
 Container scli-prod-reservas-solicitudes-service-1  Started
 Container scli-prod-reservas-solicitudes-service-1  Recreate
 Container scli-prod-reservas-solicitudes-service-1  Recreated
 Container scli-prod-reservas-solicitudes-service-1  Starting
 Container scli-prod-reservas-solicitudes-service-1  Started
 Container scli-prod-reservas-solicitudes-service-1  Recreate
 Container scli-prod-reservas-solicitudes-service-1  Recreated
 Container scli-prod-reservas-solicitudes-service-1  Starting
 Container scli-prod-reservas-solicitudes-service-1  Started
 Container scli-prod-reservas-solicitudes-service-1  Recreate
 Container scli-prod-reservas-solicitudes-service-1  Recreated
 Container scli-prod-reservas-solicitudes-service-1  Starting
 Container scli-prod-reservas-solicitudes-service-1  Started
 Container scli-prod-reservas-solicitudes-service-1  Recreate
 Container scli-prod-reservas-solicitudes-service-1  Recreated
 Container scli-prod-reservas-solicitudes-service-1  Starting
 Container scli-prod-reservas-solicitudes-service-1  Started
 Container scli-prod-reservas-solicitudes-service-1  Recreate
 Container scli-prod-reservas-solicitudes-service-1  Recreated
 Container scli-prod-reservas-solicitudes-service-1  Starting
 Container scli-prod-reservas-solicitudes-service-1  Started
 Container scli-prod-reservas-solicitudes-service-1  Recreate
 Container scli-prod-reservas-solicitudes-service-1  Recreated
 Container scli-prod-reservas-solicitudes-service-1  Starting
 Container scli-prod-reservas-solicitudes-service-1  Started
 Container scli-prod-reservas-solicitudes-service-1  Recreate
 Container scli-prod-reservas-solicitudes-service-1  Recreated
 Container scli-prod-reservas-solicitudes-service-1  Starting
 Container scli-prod-reservas-solicitudes-service-1  Started
 Container scli-prod-reservas-solicitudes-service-1  Recreate
 Container scli-prod-reservas-solicitudes-service-1  Recreated
 Container scli-prod-reservas-solicitudes-service-1  Starting
 Container scli-prod-reservas-solicitudes-service-1  Started
 Container scli-prod-reservas-solicitudes-service-1  Recreate
 Container scli-prod-reservas-solicitudes-service-1  Recreated
 Container scli-prod-reservas-solicitudes-service-1  Starting
 Container scli-prod-reservas-solicitudes-service-1  Started
 Container scli-prod-reservas-solicitudes-service-1  Recreate
 Container scli-prod-reservas-solicitudes-service-1  Recreated
 Container scli-prod-reservas-solicitudes-service-1  Starting
 Container scli-prod-reservas-solicitudes-service-1  Started
 Container scli-prod-reservas-solicitudes-service-1  Recreate
 Container scli-prod-reservas-solicitudes-service-1  Recreated
 Container scli-prod-reservas-solicitudes-service-1  Starting
 Container scli-prod-reservas-solicitudes-service-1  Started
 Container scli-prod-reservas-solicitudes-service-1  Recreate
 Container scli-prod-reservas-solicitudes-service-1  Recreated
 Container scli-prod-reservas-solicitudes-service-1  Starting
 Container scli-prod-reservas-solicitudes-service-1  Started
 Container scli-prod-reservas-solicitudes-service-1  Recreate
 Container scli-prod-reservas-solicitudes-service-1  Recreated
 Container scli-prod-reservas-solicitudes-service-1  Starting
 Container scli-prod-reservas-solicitudes-service-1  Started
 Container scli-prod-reservas-solicitudes-service-1  Recreate
 Container scli-prod-reservas-solicitudes-service-1  Recreated
 Container scli-prod-reservas-solicitudes-service-1  Starting
 Container scli-prod-reservas-solicitudes-service-1  Started
 Container scli-prod-reservas-solicitudes-service-1  Recreate
 Container scli-prod-reservas-solicitudes-service-1  Recreated
 Container scli-prod-reservas-solicitudes-service-1  Starting
 Container scli-prod-reservas-solicitudes-service-1  Started
 Container scli-prod-reservas-solicitudes-service-1  Recreate
 Container scli-prod-reservas-solicitudes-service-1  Recreated
 Container scli-prod-reservas-solicitudes-service-1  Starting
 Container scli-prod-reservas-solicitudes-service-1  Started
 Container scli-prod-reservas-solicitudes-service-1  Recreate
 Container scli-prod-reservas-solicitudes-service-1  Recreated
 Container scli-prod-reservas-solicitudes-service-1  Starting
 Container scli-prod-reservas-solicitudes-service-1  Started
 Container scli-prod-reservas-solicitudes-service-1  Recreate
 Container scli-prod-reservas-solicitudes-service-1  Recreated
 Container scli-prod-reservas-solicitudes-service-1  Starting
 Container scli-prod-reservas-solicitudes-service-1  Started
 Container scli-prod-reservas-solicitudes-service-1  Recreate
 Container scli-prod-reservas-solicitudes-service-1  Recreated
 Container scli-prod-reservas-solicitudes-service-1  Starting
 Container scli-prod-reservas-solicitudes-service-1  Started
 Container scli-prod-reservas-solicitudes-service-1  Recreate
 Container scli-prod-reservas-solicitudes-service-1  Recreated
 Container scli-prod-reservas-solicitudes-service-1  Starting
 Container scli-prod-reservas-solicitudes-service-1  Started
 Container scli-prod-reservas-solicitudes-service-1  Recreate
 Container scli-prod-reservas-solicitudes-service-1  Recreated
 Container scli-prod-reservas-solicitudes-service-1  Starting
 Container scli-prod-reservas-solicitudes-service-1  Started
 Container scli-prod-reservas-solicitudes-service-1  Recreate
 Container scli-prod-reservas-solicitudes-service-1  Recreated
 Container scli-prod-reservas-solicitudes-service-1  Starting
 Container scli-prod-reservas-solicitudes-service-1  Started
 Container scli-prod-reservas-solicitudes-service-1  Recreate
 Container scli-prod-reservas-solicitudes-service-1  Recreated
 Container scli-prod-reservas-solicitudes-service-1  Starting
 Container scli-prod-reservas-solicitudes-service-1  Started
 Container scli-prod-reservas-solicitudes-service-1  Recreate
 Container scli-prod-reservas-solicitudes-service-1  Recreated
 Container scli-prod-reservas-solicitudes-service-1  Starting
 Container scli-prod-reservas-solicitudes-service-1  Started
 Container scli-prod-reservas-solicitudes-service-1  Recreate
 Container scli-prod-reservas-solicitudes-service-1  Recreated
 Container scli-prod-reservas-solicitudes-service-1  Starting
 Container scli-prod-reservas-solicitudes-service-1  Started
 Container scli-prod-reservas-solicitudes-service-1  Recreate
 Container scli-prod-reservas-solicitudes-service-1  Recreated
 Container scli-prod-reservas-solicitudes-service-1  Starting
 Container scli-prod-reservas-solicitudes-service-1  Started
 Container scli-prod-reservas-solicitudes-service-1  Recreate
 Container scli-prod-reservas-solicitudes-service-1  Recreated
 Container scli-prod-reservas-solicitudes-service-1  Starting
 Container scli-prod-reservas-solicitudes-service-1  Started
 Container scli-prod-reservas-solicitudes-service-1  Recreate
 Container scli-prod-reservas-solicitudes-service-1  Recreated
 Container scli-prod-reservas-solicitudes-service-1  Starting
 Container scli-prod-reservas-solicitudes-service-1  Started
 Container scli-prod-reservas-solicitudes-service-1  Recreate
 Container scli-prod-reservas-solicitudes-service-1  Recreated
 Container scli-prod-reservas-solicitudes-service-1  Starting
 Container scli-prod-reservas-solicitudes-service-1  Started
 Container scli-prod-reservas-solicitudes-service-1  Recreate
 Container scli-prod-reservas-solicitudes-service-1  Recreated
 Container scli-prod-reservas-solicitudes-service-1  Starting
 Container scli-prod-reservas-solicitudes-service-1  Started
 Container scli-prod-reservas-solicitudes-service-1  Recreate
 Container scli-prod-reservas-solicitudes-service-1  Recreated
 Container scli-prod-reservas-solicitudes-service-1  Starting
 Container scli-prod-reservas-solicitudes-service-1  Started
 Container scli-prod-reservas-solicitudes-service-1  Recreate
 Container scli-prod-reservas-solicitudes-service-1  Recreated
 Container scli-prod-reservas-solicitudes-service-1  Starting
 Container scli-prod-reservas-solicitudes-service-1  Started
 Container scli-prod-reservas-solicitudes-service-1  Recreate
 Container scli-prod-reservas-solicitudes-service-1  Recreated
 Container scli-prod-reservas-solicitudes-service-1  Starting
 Container scli-prod-reservas-solicitudes-service-1  Started
 Container scli-prod-reservas-solicitudes-service-1  Recreate
 Container scli-prod-reservas-solicitudes-service-1  Recreated
 Container scli-prod-reservas-solicitudes-service-1  Starting
 Container scli-prod-reservas-solicitudes-service-1  Started
 Container scli-prod-reservas-solicitudes-service-1  Recreate
 Container scli-prod-reservas-solicitudes-service-1  Recreated
 Container scli-prod-reservas-solicitudes-service-1  Starting
 Container scli-prod-reservas-solicitudes-service-1  Started
 Container scli-prod-reservas-solicitudes-service-1  Recreate
 Container scli-prod-reservas-solicitudes-service-1  Recreated
 Container scli-prod-reservas-solicitudes-service-1  Starting
 Container scli-prod-reservas-solicitudes-service-1  Started
 Container scli-prod-reservas-solicitudes-service-1  Recreate
 Container scli-prod-reservas-solicitudes-service-1  Recreated
 Container scli-prod-reservas-solicitudes-service-1  Starting
 Container scli-prod-reservas-solicitudes-service-1  Started
 Container scli-prod-reservas-solicitudes-service-1  Recreate
 Container scli-prod-reservas-solicitudes-service-1  Recreated
 Container scli-prod-reservas-solicitudes-service-1  Starting
 Container scli-prod-reservas-solicitudes-service-1  Started
 Container scli-prod-reservas-solicitudes-service-1  Recreate
 Container scli-prod-reservas-solicitudes-service-1  Recreated
 Container scli-prod-reservas-solicitudes-service-1  Starting
 Container scli-prod-reservas-solicitudes-service-1  Started
 Container scli-prod-reservas-solicitudes-service-1  Recreate
 Container scli-prod-reservas-solicitudes-service-1  Recreated
 Container scli-prod-reservas-solicitudes-service-1  Starting
 Container scli-prod-reservas-solicitudes-service-1  Started
 Container scli-prod-reservas-solicitudes-service-1  Recreate
 Container scli-prod-reservas-solicitudes-service-1  Recreated
 Container scli-prod-reservas-solicitudes-service-1  Starting
 Container scli-prod-reservas-solicitudes-service-1  Started
 Container scli-prod-reservas-solicitudes-service-1  Recreate
 Container scli-prod-reservas-solicitudes-service-1  Recreated
 Container scli-prod-reservas-solicitudes-service-1  Starting
 Container scli-prod-reservas-solicitudes-service-1  Started
 Container scli-prod-reservas-solicitudes-service-1  Recreate
 Container scli-prod-reservas-solicitudes-service-1  Recreated
 Container scli-prod-reservas-solicitudes-service-1  Starting
 Container scli-prod-reservas-solicitudes-service-1  Started
 Container scli-prod-reservas-solicitudes-service-1  Recreate
 Container scli-prod-reservas-solicitudes-service-1  Recreated
 Container scli-prod-reservas-solicitudes-service-1  Starting
 Container scli-prod-reservas-solicitudes-service-1  Started
 Container scli-prod-reservas-solicitudes-service-1  Recreate
 Container scli-prod-reservas-solicitudes-service-1  Recreated
 Container scli-prod-reservas-solicitudes-service-1  Starting
 Container scli-prod-reservas-solicitudes-service-1  Started
 Container scli-prod-reservas-solicitudes-service-1  Recreate
 Container scli-prod-reservas-solicitudes-service-1  Recreated
 Container scli-prod-reservas-solicitudes-service-1  Starting
 Container scli-prod-reservas-solicitudes-service-1  Started
 Container scli-prod-reservas-solicitudes-service-1  Recreate
 Container scli-prod-reservas-solicitudes-service-1  Recreated
 Container scli-prod-reservas-solicitudes-service-1  Starting
 Container scli-prod-reservas-solicitudes-service-1  Started
 Container scli-prod-reservas-solicitudes-service-1  Recreate
 Container scli-prod-reservas-solicitudes-service-1  Recreated
 Container scli-prod-reservas-solicitudes-service-1  Starting
 Container scli-prod-reservas-solicitudes-service-1  Started
 Container scli-prod-reservas-solicitudes-service-1  Recreate
 Container scli-prod-reservas-solicitudes-service-1  Recreated
 Container scli-prod-reservas-solicitudes-service-1  Starting
 Container scli-prod-reservas-solicitudes-service-1  Started
 Container scli-prod-reservas-solicitudes-service-1  Recreate
 Container scli-prod-reservas-solicitudes-service-1  Recreated
 Container scli-prod-reservas-solicitudes-service-1  Starting
 Container scli-prod-reservas-solicitudes-service-1  Started
 Container scli-prod-reservas-solicitudes-service-1  Recreate
 Container scli-prod-reservas-solicitudes-service-1  Recreated
 Container scli-prod-reservas-solicitudes-service-1  Starting
 Container scli-prod-reservas-solicitudes-service-1  Started
 Container scli-prod-reservas-solicitudes-service-1  Recreate
 Container scli-prod-reservas-solicitudes-service-1  Recreated
 Container scli-prod-reservas-solicitudes-service-1  Starting
 Container scli-prod-reservas-solicitudes-service-1  Started
Traceback (most recent call last):
  File "/home/ffarinangog2/proyectos/miscli/experimentos/ejecutar_campana_arbiter.py", line 409, in <module>
    main()
  File "/home/ffarinangog2/proyectos/miscli/experimentos/ejecutar_campana_arbiter.py", line 405, in main
    execute_campaign(campaign, args)
  File "/home/ffarinangog2/proyectos/miscli/experimentos/ejecutar_campana_arbiter.py", line 389, in execute_campaign
    campaign.validate_completion(checkpoint)
  File "/home/ffarinangog2/proyectos/miscli/experimentos/ejecutar_campana_arbiter.py", line 278, in validate_completion
    raise RuntimeError(f"Campaña incompleta: {len(completed)}/130 COMPLETED")
RuntimeError: Campaña incompleta: 123/130 COMPLETED
