LOT_START=2026-08-30T04:31:55Z
SHA=a47f0441f644bea5f52944b7a11216f37b2242de
REP_START=01 UTC=2026-08-30T04:31:55Z
Type     Name                                                                          # reqs      # fails |    Avg     Min     Max    Med |   req/s  failures/s
--------|----------------------------------------------------------------------------|-------|-------------|-------|-------|-------|-------|--------|-----------
GET      GET /api/v1/reservas                                                            7007     0(0.00%) |     46       8    3244     12 |   23.52        0.00
POST     POST /api/v1/auth/login                                                           50     0(0.00%) |   9324    1564   12307  11000 |    0.17        0.00
--------|----------------------------------------------------------------------------|-------|-------------|-------|-------|-------|-------|--------|-----------
         Aggregated                                                                      7057     0(0.00%) |    112       8   12307     12 |   23.69        0.00

Response time percentiles (approximated)
Type     Name                                                                                  50%    66%    75%    80%    90%    95%    98%    99%  99.9% 99.99%   100% # reqs
--------|--------------------------------------------------------------------------------|--------|------|------|------|------|------|------|------|------|------|------|------
GET      GET /api/v1/reservas                                                                   12     14     16     17     27     86    490    990   2700   3200   3200   7007
POST     POST /api/v1/auth/login                                                             11000  11000  11000  11000  12000  12000  12000  12000  12000  12000  12000     50
--------|--------------------------------------------------------------------------------|--------|------|------|------|------|------|------|------|------|------|------|------
         Aggregated                                                                             12     14     16     18     29    110    800   2200  12000  12000  12000   7057

Registrada eficiencia_nominal_50u_5m r1: HTTP 5xx=0.000000 %, p95=110.000000 ms
La evidencia se conserva, pero esta repetición se excluye del análisis.
REP_DONE=01 TOTAL=7041 HTTP5XX=0 P95=110.0 P99=2200.0 UTC=2026-08-30T04:37:04Z
REP_START=02 UTC=2026-08-30T04:37:07Z
Type     Name                                                                          # reqs      # fails |    Avg     Min     Max    Med |   req/s  failures/s
--------|----------------------------------------------------------------------------|-------|-------------|-------|-------|-------|-------|--------|-----------
GET      GET /api/v1/reservas                                                            7182     0(0.00%) |     13       8     151     11 |   24.10        0.00
POST     POST /api/v1/auth/login                                                           50     0(0.00%) |   7445    3559    9492   7900 |    0.17        0.00
--------|----------------------------------------------------------------------------|-------|-------------|-------|-------|-------|-------|--------|-----------
         Aggregated                                                                      7232     0(0.00%) |     64       8    9492     12 |   24.27        0.00

Response time percentiles (approximated)
Type     Name                                                                                  50%    66%    75%    80%    90%    95%    98%    99%  99.9% 99.99%   100% # reqs
--------|--------------------------------------------------------------------------------|--------|------|------|------|------|------|------|------|------|------|------|------
GET      GET /api/v1/reservas                                                                   11     13     14     15     19     24     31     40     85    150    150   7182
POST     POST /api/v1/auth/login                                                              7900   8100   8300   8800   9200   9400   9500   9500   9500   9500   9500     50
--------|--------------------------------------------------------------------------------|--------|------|------|------|------|------|------|------|------|------|------|------
         Aggregated                                                                             12     13     14     15     19     25     36     53   8900   9500   9500   7232

Registrada eficiencia_nominal_50u_5m r2: HTTP 5xx=0.000000 %, p95=25.000000 ms
REP_DONE=02 TOTAL=7230 HTTP5XX=0 P95=25.0 P99=53.0 UTC=2026-08-30T04:42:14Z
REP_START=03 UTC=2026-08-30T04:42:17Z
Type     Name                                                                          # reqs      # fails |    Avg     Min     Max    Med |   req/s  failures/s
--------|----------------------------------------------------------------------------|-------|-------------|-------|-------|-------|-------|--------|-----------
GET      GET /api/v1/reservas                                                            7118     0(0.00%) |     43       8    2980     12 |   23.79        0.00
POST     POST /api/v1/auth/login                                                           50     0(0.00%) |   7162    1800    9477   7800 |    0.17        0.00
--------|----------------------------------------------------------------------------|-------|-------------|-------|-------|-------|-------|--------|-----------
         Aggregated                                                                      7168     0(0.00%) |     93       8    9477     12 |   23.95        0.00

Response time percentiles (approximated)
Type     Name                                                                                  50%    66%    75%    80%    90%    95%    98%    99%  99.9% 99.99%   100% # reqs
--------|--------------------------------------------------------------------------------|--------|------|------|------|------|------|------|------|------|------|------|------
GET      GET /api/v1/reservas                                                                   12     14     16     17     29     80    610   1000   1900   3000   3000   7118
POST     POST /api/v1/auth/login                                                              7800   8300   8400   8600   9100   9300   9500   9500   9500   9500   9500     50
--------|--------------------------------------------------------------------------------|--------|------|------|------|------|------|------|------|------|------|------|------
         Aggregated                                                                             12     14     16     18     31    130    820   1600   8800   9500   9500   7168

Registrada eficiencia_nominal_50u_5m r3: HTTP 5xx=0.000000 %, p95=130.000000 ms
REP_DONE=03 TOTAL=7151 HTTP5XX=0 P95=130.0 P99=1600.0 UTC=2026-08-30T04:47:21Z
REP_START=04 UTC=2026-08-30T04:47:23Z
Type     Name                                                                          # reqs      # fails |    Avg     Min     Max    Med |   req/s  failures/s
--------|----------------------------------------------------------------------------|-------|-------------|-------|-------|-------|-------|--------|-----------
GET      GET /api/v1/reservas                                                            7163     0(0.00%) |     13       7     342     11 |   24.04        0.00
POST     POST /api/v1/auth/login                                                           50     0(0.00%) |   6819     782    9519   7400 |    0.17        0.00
--------|----------------------------------------------------------------------------|-------|-------------|-------|-------|-------|-------|--------|-----------
         Aggregated                                                                      7213     0(0.00%) |     60       7    9519     11 |   24.21        0.00

Response time percentiles (approximated)
Type     Name                                                                                  50%    66%    75%    80%    90%    95%    98%    99%  99.9% 99.99%   100% # reqs
--------|--------------------------------------------------------------------------------|--------|------|------|------|------|------|------|------|------|------|------|------
GET      GET /api/v1/reservas                                                                   11     13     14     15     19     24     34     45    130    340    340   7163
POST     POST /api/v1/auth/login                                                              7500   7900   8200   8400   8800   9000   9500   9500   9500   9500   9500     50
--------|--------------------------------------------------------------------------------|--------|------|------|------|------|------|------|------|------|------|------|------
         Aggregated                                                                             11     13     14     15     19     25     40     89   8700   9500   9500   7213

Registrada eficiencia_nominal_50u_5m r4: HTTP 5xx=0.000000 %, p95=25.000000 ms
REP_DONE=04 TOTAL=7212 HTTP5XX=0 P95=25.0 P99=89.0 UTC=2026-08-30T04:52:30Z
REP_START=05 UTC=2026-08-30T04:52:32Z
Type     Name                                                                          # reqs      # fails |    Avg     Min     Max    Med |   req/s  failures/s
--------|----------------------------------------------------------------------------|-------|-------------|-------|-------|-------|-------|--------|-----------
GET      GET /api/v1/reservas                                                            7168     0(0.00%) |     33       8    2151     12 |   23.95        0.00
POST     POST /api/v1/auth/login                                                           50     0(0.00%) |   7655    2302    9838   8300 |    0.17        0.00
--------|----------------------------------------------------------------------------|-------|-------------|-------|-------|-------|-------|--------|-----------
         Aggregated                                                                      7218     0(0.00%) |     85       8    9838     12 |   24.12        0.00

Response time percentiles (approximated)
Type     Name                                                                                  50%    66%    75%    80%    90%    95%    98%    99%  99.9% 99.99%   100% # reqs
--------|--------------------------------------------------------------------------------|--------|------|------|------|------|------|------|------|------|------|------|------
GET      GET /api/v1/reservas                                                                   12     14     16     17     26     54    190    740   1900   2200   2200   7168
POST     POST /api/v1/auth/login                                                              8300   8700   8900   9000   9400   9700   9800   9800   9800   9800   9800     50
--------|--------------------------------------------------------------------------------|--------|------|------|------|------|------|------|------|------|------|------|------
         Aggregated                                                                             12     14     16     18     28     63    580   1400   9200   9800   9800   7218

Registrada eficiencia_nominal_50u_5m r5: HTTP 5xx=0.000000 %, p95=63.000000 ms
REP_DONE=05 TOTAL=7205 HTTP5XX=0 P95=63.0 P99=1400.0 UTC=2026-08-30T04:57:44Z
REP_START=06 UTC=2026-08-30T04:57:47Z
Type     Name                                                                          # reqs      # fails |    Avg     Min     Max    Med |   req/s  failures/s
--------|----------------------------------------------------------------------------|-------|-------------|-------|-------|-------|-------|--------|-----------
GET      GET /api/v1/reservas                                                            7212     0(0.00%) |     15       8     435     11 |   24.19        0.00
POST     POST /api/v1/auth/login                                                           50     0(0.00%) |   7095    2478    9950   7900 |    0.17        0.00
--------|----------------------------------------------------------------------------|-------|-------------|-------|-------|-------|-------|--------|-----------
         Aggregated                                                                      7262     0(0.00%) |     64       8    9950     11 |   24.36        0.00

Response time percentiles (approximated)
Type     Name                                                                                  50%    66%    75%    80%    90%    95%    98%    99%  99.9% 99.99%   100% # reqs
--------|--------------------------------------------------------------------------------|--------|------|------|------|------|------|------|------|------|------|------|------
GET      GET /api/v1/reservas                                                                   11     13     14     16     21     31     60     85    250    440    440   7212
POST     POST /api/v1/auth/login                                                              8000   8300   8500   8600   9200   9300  10000  10000  10000  10000  10000     50
--------|--------------------------------------------------------------------------------|--------|------|------|------|------|------|------|------|------|------|------|------
         Aggregated                                                                             11     13     15     16     22     34     73    150   9100  10000  10000   7262

Registrada eficiencia_nominal_50u_5m r6: HTTP 5xx=0.000000 %, p95=34.000000 ms
REP_DONE=06 TOTAL=7259 HTTP5XX=0 P95=34.0 P99=150.0 UTC=2026-08-30T05:02:53Z
REP_START=07 UTC=2026-08-30T05:02:56Z
Type     Name                                                                          # reqs      # fails |    Avg     Min     Max    Med |   req/s  failures/s
--------|----------------------------------------------------------------------------|-------|-------------|-------|-------|-------|-------|--------|-----------
GET      GET /api/v1/reservas                                                            7168     0(0.00%) |     25       8     955     12 |   23.95        0.00
POST     POST /api/v1/auth/login                                                           50     0(0.00%) |   7436    3935    9900   7900 |    0.17        0.00
--------|----------------------------------------------------------------------------|-------|-------------|-------|-------|-------|-------|--------|-----------
         Aggregated                                                                      7218     0(0.00%) |     76       8    9900     12 |   24.12        0.00

Response time percentiles (approximated)
Type     Name                                                                                  50%    66%    75%    80%    90%    95%    98%    99%  99.9% 99.99%   100% # reqs
--------|--------------------------------------------------------------------------------|--------|------|------|------|------|------|------|------|------|------|------|------
GET      GET /api/v1/reservas                                                                   12     13     15     17     27     58    260    410    750    960    960   7168
POST     POST /api/v1/auth/login                                                              8000   8600   8800   8900   9500   9600   9900   9900   9900   9900   9900     50
--------|--------------------------------------------------------------------------------|--------|------|------|------|------|------|------|------|------|------|------|------
         Aggregated                                                                             12     13     15     17     29     69    340    570   9100   9900   9900   7218

Registrada eficiencia_nominal_50u_5m r7: HTTP 5xx=0.000000 %, p95=69.000000 ms
REP_DONE=07 TOTAL=7214 HTTP5XX=0 P95=69.0 P99=570.0 UTC=2026-08-30T05:08:00Z
REP_START=08 UTC=2026-08-30T05:08:03Z
Type     Name                                                                          # reqs      # fails |    Avg     Min     Max    Med |   req/s  failures/s
--------|----------------------------------------------------------------------------|-------|-------------|-------|-------|-------|-------|--------|-----------
GET      GET /api/v1/reservas                                                            7175     0(0.00%) |     16       8     649     11 |   24.09        0.00
POST     POST /api/v1/auth/login                                                           50     0(0.00%) |   7568    2230    9948   8200 |    0.17        0.00
--------|----------------------------------------------------------------------------|-------|-------------|-------|-------|-------|-------|--------|-----------
         Aggregated                                                                      7225     0(0.00%) |     68       8    9948     11 |   24.26        0.00

Response time percentiles (approximated)
Type     Name                                                                                  50%    66%    75%    80%    90%    95%    98%    99%  99.9% 99.99%   100% # reqs
--------|--------------------------------------------------------------------------------|--------|------|------|------|------|------|------|------|------|------|------|------
GET      GET /api/v1/reservas                                                                   11     13     14     15     19     26     57    110    440    650    650   7175
POST     POST /api/v1/auth/login                                                              8200   8800   8900   9000   9700   9800   9900   9900   9900   9900   9900     50
--------|--------------------------------------------------------------------------------|--------|------|------|------|------|------|------|------|------|------|------|------
         Aggregated                                                                             11     13     14     16     20     29     87    270   9100   9900   9900   7225

Registrada eficiencia_nominal_50u_5m r8: HTTP 5xx=0.000000 %, p95=29.000000 ms
REP_DONE=08 TOTAL=7209 HTTP5XX=0 P95=29.0 P99=270.0 UTC=2026-08-30T05:13:09Z
REP_START=09 UTC=2026-08-30T05:13:12Z
Type     Name                                                                          # reqs      # fails |    Avg     Min     Max    Med |   req/s  failures/s
--------|----------------------------------------------------------------------------|-------|-------------|-------|-------|-------|-------|--------|-----------
GET      GET /api/v1/reservas                                                            7122     0(0.00%) |     28       7    1368     11 |   23.79        0.00
POST     POST /api/v1/auth/login                                                           50     0(0.00%) |   7776    1479   10173   8300 |    0.17        0.00
--------|----------------------------------------------------------------------------|-------|-------------|-------|-------|-------|-------|--------|-----------
         Aggregated                                                                      7172     0(0.00%) |     82       7   10173     11 |   23.96        0.00

Response time percentiles (approximated)
Type     Name                                                                                  50%    66%    75%    80%    90%    95%    98%    99%  99.9% 99.99%   100% # reqs
--------|--------------------------------------------------------------------------------|--------|------|------|------|------|------|------|------|------|------|------|------
GET      GET /api/v1/reservas                                                                   11     13     15     16     23     66    300    540   1000   1400   1400   7122
POST     POST /api/v1/auth/login                                                              8400   8800   8900   9000   9300   9700  10000  10000  10000  10000  10000     50
--------|--------------------------------------------------------------------------------|--------|------|------|------|------|------|------|------|------|------|------|------
         Aggregated                                                                             11     13     15     16     25     85    450    860   9200  10000  10000   7172

Registrada eficiencia_nominal_50u_5m r9: HTTP 5xx=0.000000 %, p95=85.000000 ms
REP_DONE=09 TOTAL=7161 HTTP5XX=0 P95=85.0 P99=860.0 UTC=2026-08-30T05:18:16Z
REP_START=10 UTC=2026-08-30T05:18:18Z
Type     Name                                                                          # reqs      # fails |    Avg     Min     Max    Med |   req/s  failures/s
--------|----------------------------------------------------------------------------|-------|-------------|-------|-------|-------|-------|--------|-----------
GET      GET /api/v1/reservas                                                            7237     0(0.00%) |     14       8     264     11 |   24.26        0.00
POST     POST /api/v1/auth/login                                                           50     0(0.00%) |   7112    1926    9342   7500 |    0.17        0.00
--------|----------------------------------------------------------------------------|-------|-------------|-------|-------|-------|-------|--------|-----------
         Aggregated                                                                      7287     0(0.00%) |     63       8    9342     11 |   24.43        0.00

Response time percentiles (approximated)
Type     Name                                                                                  50%    66%    75%    80%    90%    95%    98%    99%  99.9% 99.99%   100% # reqs
--------|--------------------------------------------------------------------------------|--------|------|------|------|------|------|------|------|------|------|------|------
GET      GET /api/v1/reservas                                                                   11     13     14     15     18     23     44     88    200    260    260   7237
POST     POST /api/v1/auth/login                                                              7500   8200   8500   8600   8900   9100   9300   9300   9300   9300   9300     50
--------|--------------------------------------------------------------------------------|--------|------|------|------|------|------|------|------|------|------|------|------
         Aggregated                                                                             11     13     14     15     18     25     71    150   8900   9300   9300   7287

Registrada eficiencia_nominal_50u_5m r10: HTTP 5xx=0.000000 %, p95=25.000000 ms
La evidencia se conserva, pero esta repetición se excluye del análisis.
REP_DONE=10 TOTAL=7281 HTTP5XX=0 P95=25.0 P99=150.0 UTC=2026-08-30T05:23:25Z
eficiencia_nominal_50u_5m: 8 muestras válidas (repeticiones 2..9)
  failure_rate_percent: media=0.000000 %; s=0.000000 %; IC95=[0.000000, 0.000000] %; CUMPLE (< 1 %)
  p95_ms: media=57.500000 ms; s=37.132966 ms; IC95=[26.456064, 88.543936] ms; CUMPLE (< 500 ms)
  p99_ms: media=624.000000 ms; s=606.585526 ms; IC95=[116.881810, 1131.118190] ms; NO CUMPLE (< 750 ms)
fiabilidad_nominal_50u_1h: SIN DATOS SUFICIENTES (0/8 muestras válidas completas)
LOT_DONE=2026-08-30T05:23:28Z
